// Jest Snapshot v1, https://goo.gl/fbAQLP

exports[`Search snapshoot should take a snapshoot 1`] = `
<DocumentFragment>
  <div
    class="search__container"
  >
    <label
      class="search__label"
      for="search"
    >
      Search or jump to...
    </label>
    <input
      autocomplete="off"
      class="search"
      data-testid="input"
      id="search"
      type="text"
      value=""
    />
    <span
      data-testid="+"
    >
      +
    </span>
  </div>
</DocumentFragment>
`;
